// Jest Snapshot v1, https://goo.gl/fbAQLP

exports[`FirstStepsModal should render correctly with default props 1`] = `
<div>
  <div
    className="first-steps"
  >
    <div
      className="modal-header"
    >
      <h2>
        Bem Vindo Ao Mapa! 🗺️
      </h2>
      <p
        className="description"
      >
        📌Aqui você pode visualizar e cadastrar eventos em sua cidade ou no mundo!
      </p>
    </div>
    <div>
      <p
        className="description"
      >
        Como Faço Isso? É fácil!
      </p>
      <p
        className="sub-title"
      >
        Navegar
      </p>
      <p>
        1 - Navegue pelo mapa e poderá ver eventos próximos de você.
      </p>
      <p>
        2 - basta clicar em um marcador para ver os detalhes dos eventos.
      </p>
      <p
        className="sub-title"
      >
        Criar Evento
      </p>
      <p>
        1 - Selecione uma localidade do seu gosto e cadastre seu evento;
      </p>
      <p>
        2 - Basta clicar no mapa e um popup com formulário irá aparecer;
      </p>
      <p>
        3 - Agora basta você preencher o formulário e postar os eventos.
      </p>
    </div>
    <button
      className="exit-button"
      onClick={[MockFunction]}
    >
       
      Entendido!
       
    </button>
  </div>
</div>
`;
